Loading .env from: C:\Users\Sasikumar\Documents\Infolux\HRMs\HRM updated\HRM\backend\.env
Γ£à .env loaded.
GROQ_API_KEY present? false
node : C:\Users\Sasikumar\Do
cuments\Infolux\HRMs\HRM upd
ated\HRM\backend\node_module
s\groq-sdk\index.js:59
At line:1 char:1
+ node test-groq.js > 
test-output.txt 2>&1
+ ~~~~~~~~~~~~~~~~~~~~~~~~~~
~~~~~~~~~~~~~~
    + CategoryInfo          
    : NotSpecified: (C:\Us  
  ers\Sasiku...sdk\index.   
 js:59:String) [], Remot    
eException
    + FullyQualifiedErrorId 
    : NativeCommandError
 
            throw new 
Errors.GroqError("The 
GROQ_API_KEY environment 
variable is missing or 
empty; either provide it, 
or instantiate the Groq 
client with an apiKey 
option, like new Groq({ 
apiKey: 'My API Key' }).");
            ^

GroqError: The GROQ_API_KEY 
environment variable is 
missing or empty; either 
provide it, or instantiate 
the Groq client with an 
apiKey option, like new 
Groq({ apiKey: 'My API Key' 
}).
    at new Groq (C:\Users\Sa
sikumar\Documents\Infolux\HR
Ms\HRM updated\HRM\backend\n
ode_modules\groq-sdk\index.j
s:59:19)
    at Object.<anonymous> (C
:\Users\Sasikumar\Documents\
Infolux\HRMs\HRM updated\HRM
\backend\test-groq.js:19:14)
    at Module._compile (node
:internal/modules/cjs/loader
:1730:14)
    at Object..js (node:inte
rnal/modules/cjs/loader:1895
:10)
    at Module.load (node:int
ernal/modules/cjs/loader:146
5:32)
    at Function._load (node:
internal/modules/cjs/loader:
1282:12)
    at 
TracingChannel.traceSync (no
de:diagnostics_channel:322:1
4)
    at wrapModuleLoad (node:
internal/modules/cjs/loader:
235:24)
    at Function.executeUserE
ntryPoint [as runMain] (node
:internal/modules/run_main:1
71:5)
    at node:internal/main/ru
n_main_module:36:49

Node.js v22.16.0
